{
  "configuration": {
    "threshold": 15,
    "detectionMethods": "art-dupl,hash",
    "semanticDetection": false
  },
  "overview": {
    "filesScanned": 10,
    "filesFiltered": 0,
    "cloneGroups": 1,
    "totalClones": 2
  },
  "duplicateCode": {
    "totalDuplicateLines": 1,
    "estimatedTotalLines": 0,
    "totalDuplicateTokens": 4,
    "averageCloneSize": 1,
    "complexityScore": 2,
    "impactScore": 8,
    "duplicationRatio": 0
  },
  "metrics": {
    "healthScore": "A",
    "healthScoreThresholds": "Weighted score: A<5, B<10, C<15, D<25, F>=25"
  },
  "note": "Metrics count unique duplicate patterns, not total occurrences. A clone group with 3 instances counts once for line calculations.",
  "sizeDistribution": {
    "1-5 lines": 2
  },
  "tokenDistribution": {
    "1-15 tokens": 2
  },
  "severityBreakdown": {
    "small": 1
  },
  "categoryBreakdown": {
    "unknown": 1
  },
  "priorityBreakdown": {
    "low": 1
  },
  "actionability": {
    "actionable": 1,
    "nonActionable": 0
  },
  "testVsProduction": {
    "production": 1,
    "test": 0
  },
  "topClones": [
    {
      "priority": "low",
      "category": "unknown",
      "lines": 1,
      "files": 2,
      "suggestion": "Review and extract common logic",
      "firstFile": "file1.go",
      "firstLineStart": 1
    }
  ],
  "topFiles": [
    {
      "filename": "file2.go",
      "duplicateLines": 2
    },
    {
      "filename": "file1.go",
      "duplicateLines": 1
    }
  ]
}